// Vitest Snapshot v1

exports[`CharacterCard > should render the character card 1`] = `
{
  "asFragment": [Function],
  "baseElement": <body>
    <div>
      <div
        class="Card"
      >
        <img
          alt="Test Name's character portrait"
          class="Portrait"
          src="https://images.evetech.net/characters/123/portrait?tenant=tranquility&size=256"
        />
        <ul
          class="CardBody"
        >
          <li>
            Test Name
          </li>
          <li>
            Character ID: 
            123
          </li>
          <li>
            Alliance ID: 
            456
          </li>
          <li>
            Character birthday: 
            2021-01-01
          </li>
          <li>
            Bloodline ID: 
            789
          </li>
          <li>
            Corp ID: 
            901
          </li>
          <li>
            Gender: 
            male
          </li>
          <li>
            Race ID: 
            234
          </li>
          <li>
            Security Status: 
            10
          </li>
        </ul>
      </div>
    </div>
  </body>,
  "container": <div>
    <div
      class="Card"
    >
      <img
        alt="Test Name's character portrait"
        class="Portrait"
        src="https://images.evetech.net/characters/123/portrait?tenant=tranquility&size=256"
      />
      <ul
        class="CardBody"
      >
        <li>
          Test Name
        </li>
        <li>
          Character ID: 
          123
        </li>
        <li>
          Alliance ID: 
          456
        </li>
        <li>
          Character birthday: 
          2021-01-01
        </li>
        <li>
          Bloodline ID: 
          789
        </li>
        <li>
          Corp ID: 
          901
        </li>
        <li>
          Gender: 
          male
        </li>
        <li>
          Race ID: 
          234
        </li>
        <li>
          Security Status: 
          10
        </li>
      </ul>
    </div>
  </div>,
  "debug": [Function],
  "findAllByAltText": [Function],
  "findAllByDisplayValue": [Function],
  "findAllByLabelText": [Function],
  "findAllByPlaceholderText": [Function],
  "findAllByRole": [Function],
  "findAllByTestId": [Function],
  "findAllByText": [Function],
  "findAllByTitle": [Function],
  "findByAltText": [Function],
  "findByDisplayValue": [Function],
  "findByLabelText": [Function],
  "findByPlaceholderText": [Function],
  "findByRole": [Function],
  "findByTestId": [Function],
  "findByText": [Function],
  "findByTitle": [Function],
  "getAllByAltText": [Function],
  "getAllByDisplayValue": [Function],
  "getAllByLabelText": [Function],
  "getAllByPlaceholderText": [Function],
  "getAllByRole": [Function],
  "getAllByTestId": [Function],
  "getAllByText": [Function],
  "getAllByTitle": [Function],
  "getByAltText": [Function],
  "getByDisplayValue": [Function],
  "getByLabelText": [Function],
  "getByPlaceholderText": [Function],
  "getByRole": [Function],
  "getByTestId": [Function],
  "getByText": [Function],
  "getByTitle": [Function],
  "queryAllByAltText": [Function],
  "queryAllByDisplayValue": [Function],
  "queryAllByLabelText": [Function],
  "queryAllByPlaceholderText": [Function],
  "queryAllByRole": [Function],
  "queryAllByTestId": [Function],
  "queryAllByText": [Function],
  "queryAllByTitle": [Function],
  "queryByAltText": [Function],
  "queryByDisplayValue": [Function],
  "queryByLabelText": [Function],
  "queryByPlaceholderText": [Function],
  "queryByRole": [Function],
  "queryByTestId": [Function],
  "queryByText": [Function],
  "queryByTitle": [Function],
  "rerender": [Function],
  "unmount": [Function],
}
`;
